
 Start  Stop   Length Name               Class

 00000H 0148EH 0148FH _TEXT              CODE
 01490H 0166DH 001DEH _DATA              DATA
 0166EH 01B50H 004E3H _BSS               BSS
 01B51H 01B51H 00000H _BSSEND            STACK


Detailed map of segments

 0000:0000 0221 C=CODE   S=_TEXT          G=DGROUP  M=mcosc0.ASM ACBP=28
 0000:0221 060C C=CODE   S=_TEXT          G=DGROUP  M=mcosapi.c  ACBP=28
 0000:082D 0C62 C=CODE   S=_TEXT          G=DGROUP  M=music.c    ACBP=28
 0000:1490 0056 C=DATA   S=_DATA          G=DGROUP  M=mcosc0.ASM ACBP=68
 0000:14E6 001E C=DATA   S=_DATA          G=DGROUP  M=mcosapi.c  ACBP=48
 0000:1504 016A C=DATA   S=_DATA          G=DGROUP  M=music.c    ACBP=48
 0000:166E 0000 C=BSS    S=_BSS           G=DGROUP  M=mcosc0.ASM ACBP=48
 0000:166E 0100 C=BSS    S=_BSS           G=DGROUP  M=mcosapi.c  ACBP=48
 0000:176E 03E3 C=BSS    S=_BSS           G=DGROUP  M=music.c    ACBP=48
 0000:1B51 0000 C=STACK  S=_BSSEND        G=DGROUP  M=mcosc0.ASM ACBP=28

  Address         Publics by Name

 0000:021F       DGROUP@
 0000:0174 idle  F_LDIV@
 0000:0183 idle  F_LMOD@
 0000:017B idle  F_LUDIV@
 0000:018B idle  F_LUMOD@
 0000:0174 idle  LDIV@
 0000:0183 idle  LMOD@
 0000:017B idle  LUDIV@
 0000:018B idle  LUMOD@
 0000:0171 idle  N_LDIV@
 0000:0180 idle  N_LMOD@
 0000:0178 idle  N_LUDIV@
 0000:0188 idle  N_LUMOD@
 0000:015A idle  N_LXMUL@
 0000:013E idle  N_SCOPY@
 0000:094C idle  _allNotesOff
 0000:14E8 idle  _args
 0000:16EE idle  _argtab
 0000:08AD idle  _closetimer
 0000:1504 idle  _counter
 0000:14EA idle  _curdrv
 0000:0F08 idle  _display_header
 0000:14CC idle  _environ
 0000:14D8 idle  _errno
 0000:0290       _exit
 0000:0534       _farfree
 0000:04F2       _farmalloc
 0000:0299       _getch
 0000:04A3 idle  _gethseconds
 0000:0221 idle  _GetIntVect
 0000:0988 idle  _get_micros
 0000:09C1 idle  _get_ticks
 0000:14F0 idle  _hextab
 0000:082D idle  _irq0handler
 0000:150A idle  _isr
 0000:02D0       _kbhit
 0000:14EC idle  _key_last
 0000:14EE idle  _key_pending
 0000:1000 idle  _load_midi
 0000:10D9       _main
 0000:0483 idle  _mcos_alloc
 0000:038D idle  _mcos_clearerr
 0000:03CC       _mcos_close
 0000:03D8 idle  _mcos_eof
 0000:0396 idle  _mcos_error
 0000:0432 idle  _mcos_fgetc
 0000:0416 idle  _mcos_fputc
 0000:03F1       _mcos_fsize
 0000:0457 idle  _mcos_getchar
 0000:046D idle  _mcos_getkey
 0000:02FB       _mcos_makeargs
 0000:03AC       _mcos_open
 0000:037D idle  _mcos_print
 0000:044B idle  _mcos_putchar
 0000:04D1       _mcos_read
 0000:0D4F idle  _midi_add_track
 0000:11D0 idle  _midi_get_player_status
 0000:0E37 idle  _midi_next_iterator
 0000:0A1A idle  _midi_playtrack
 0000:0A84 idle  _midi_playtracks
 0000:11E8 idle  _midi_prepare
 0000:131A idle  _midi_processor
 0000:11C2 idle  _midi_set_player_status
 0000:0ABA idle  _midi_set_tempo
 0000:0DF4 idle  _midi_start_iterator
 0000:0AE9 idle  _midi_track_parse_next
 0000:13B5 idle  _mlongdiv
 0000:1353 idle  _mlongmul
 0000:176E idle  _mp
 0000:08C8 idle  _mpu_send
 0000:08E6 idle  _mpu_uart
 0000:056B idle  _nosound
 0000:1B4D idle  _oldirq0handler
 0000:0F55 idle  _parse_header
 0000:1508 idle  _player_status
 0000:14E6 idle  _prgname
 0000:0672       _printf
 0000:166E idle  _sargs
 0000:0925 idle  _send_midi
 0000:025F idle  _SetIntVect
 0000:087C idle  _setuptimer
 0000:0539 idle  _sound
 0000:0748       _strcmp
 0000:07C2 idle  _strcpy
 0000:0730 idle  _strlen
 0000:0791 idle  _strncmp
 0000:07E1 idle  _strncpy
 0000:178B idle  _total_tracks
 0000:178D idle  _tracks
 0000:0577 idle  _writehex
 0000:05F0 idle  _writenum
 0000:091B idle  _xdelay
 0000:14DA idle  __8087
 0000:14C8       __argc
 0000:14CA       __argv
 0000:14CE idle  __envLng
 0000:14D0 idle  __envseg
 0000:14D2 idle  __envSize
 0000:0135 idle  __exit
 0000:0807       __fstrncpy
 0000:14D6 idle  __osmajor
 0000:14D7 idle  __osminor
 0000:14D4 idle  __psp
 0000:14DC idle  __StartTime
 0000:14D6 idle  __version
 0000:14E2 idle  ___brklvl
 0000:14E0 idle  ___heapbase
 0000:14E4 idle  ___heaptop

  Address         Publics by Value

 0000:0135 idle  __exit
 0000:013E idle  N_SCOPY@
 0000:015A idle  N_LXMUL@
 0000:0171 idle  N_LDIV@
 0000:0174 idle  LDIV@
 0000:0174 idle  F_LDIV@
 0000:0178 idle  N_LUDIV@
 0000:017B idle  F_LUDIV@
 0000:017B idle  LUDIV@
 0000:0180 idle  N_LMOD@
 0000:0183 idle  F_LMOD@
 0000:0183 idle  LMOD@
 0000:0188 idle  N_LUMOD@
 0000:018B idle  LUMOD@
 0000:018B idle  F_LUMOD@
 0000:021F       DGROUP@
 0000:0221 idle  _GetIntVect
 0000:025F idle  _SetIntVect
 0000:0290       _exit
 0000:0299       _getch
 0000:02D0       _kbhit
 0000:02FB       _mcos_makeargs
 0000:037D idle  _mcos_print
 0000:038D idle  _mcos_clearerr
 0000:0396 idle  _mcos_error
 0000:03AC       _mcos_open
 0000:03CC       _mcos_close
 0000:03D8 idle  _mcos_eof
 0000:03F1       _mcos_fsize
 0000:0416 idle  _mcos_fputc
 0000:0432 idle  _mcos_fgetc
 0000:044B idle  _mcos_putchar
 0000:0457 idle  _mcos_getchar
 0000:046D idle  _mcos_getkey
 0000:0483 idle  _mcos_alloc
 0000:04A3 idle  _gethseconds
 0000:04D1       _mcos_read
 0000:04F2       _farmalloc
 0000:0534       _farfree
 0000:0539 idle  _sound
 0000:056B idle  _nosound
 0000:0577 idle  _writehex
 0000:05F0 idle  _writenum
 0000:0672       _printf
 0000:0730 idle  _strlen
 0000:0748       _strcmp
 0000:0791 idle  _strncmp
 0000:07C2 idle  _strcpy
 0000:07E1 idle  _strncpy
 0000:0807       __fstrncpy
 0000:082D idle  _irq0handler
 0000:087C idle  _setuptimer
 0000:08AD idle  _closetimer
 0000:08C8 idle  _mpu_send
 0000:08E6 idle  _mpu_uart
 0000:091B idle  _xdelay
 0000:0925 idle  _send_midi
 0000:094C idle  _allNotesOff
 0000:0988 idle  _get_micros
 0000:09C1 idle  _get_ticks
 0000:0A1A idle  _midi_playtrack
 0000:0A84 idle  _midi_playtracks
 0000:0ABA idle  _midi_set_tempo
 0000:0AE9 idle  _midi_track_parse_next
 0000:0D4F idle  _midi_add_track
 0000:0DF4 idle  _midi_start_iterator
 0000:0E37 idle  _midi_next_iterator
 0000:0F08 idle  _display_header
 0000:0F55 idle  _parse_header
 0000:1000 idle  _load_midi
 0000:10D9       _main
 0000:11C2 idle  _midi_set_player_status
 0000:11D0 idle  _midi_get_player_status
 0000:11E8 idle  _midi_prepare
 0000:131A idle  _midi_processor
 0000:1353 idle  _mlongmul
 0000:13B5 idle  _mlongdiv
 0000:14C8       __argc
 0000:14CA       __argv
 0000:14CC idle  _environ
 0000:14CE idle  __envLng
 0000:14D0 idle  __envseg
 0000:14D2 idle  __envSize
 0000:14D4 idle  __psp
 0000:14D6 idle  __osmajor
 0000:14D6 idle  __version
 0000:14D7 idle  __osminor
 0000:14D8 idle  _errno
 0000:14DA idle  __8087
 0000:14DC idle  __StartTime
 0000:14E0 idle  ___heapbase
 0000:14E2 idle  ___brklvl
 0000:14E4 idle  ___heaptop
 0000:14E6 idle  _prgname
 0000:14E8 idle  _args
 0000:14EA idle  _curdrv
 0000:14EC idle  _key_last
 0000:14EE idle  _key_pending
 0000:14F0 idle  _hextab
 0000:1504 idle  _counter
 0000:1508 idle  _player_status
 0000:150A idle  _isr
 0000:166E idle  _sargs
 0000:16EE idle  _argtab
 0000:176E idle  _mp
 0000:178B idle  _total_tracks
 0000:178D idle  _tracks
 0000:1B4D idle  _oldirq0handler

Program entry point at 0000:0100
Warning: No stack

