
 Start  Stop   Length Name               Class

 00000H 049B5H 049B6H _TEXT              CODE
 049C0H 0502DH 0066EH _DATA              DATA
 0502EH 059ABH 0097EH _BSS               BSS
 059ACH 059ACH 00000H _BSSEND            STACK


Detailed map of segments

 0000:0000 0221 C=CODE   S=_TEXT          G=DGROUP  M=mcosc0.ASM ACBP=28
 0000:0221 062A C=CODE   S=_TEXT          G=DGROUP  M=mcosapi.c  ACBP=28
 0000:084B 416B C=CODE   S=_TEXT          G=DGROUP  M=paco.c     ACBP=28
 0000:49C0 0056 C=DATA   S=_DATA          G=DGROUP  M=mcosc0.ASM ACBP=68
 0000:4A16 001E C=DATA   S=_DATA          G=DGROUP  M=mcosapi.c  ACBP=48
 0000:4A34 05FA C=DATA   S=_DATA          G=DGROUP  M=paco.c     ACBP=48
 0000:502E 0000 C=BSS    S=_BSS           G=DGROUP  M=mcosc0.ASM ACBP=48
 0000:502E 0100 C=BSS    S=_BSS           G=DGROUP  M=mcosapi.c  ACBP=48
 0000:512E 087E C=BSS    S=_BSS           G=DGROUP  M=paco.c     ACBP=48
 0000:59AC 0000 C=STACK  S=_BSSEND        G=DGROUP  M=mcosc0.ASM ACBP=28

  Address         Publics by Name

 0000:021F       DGROUP@
 0000:0174 idle  F_LDIV@
 0000:0183 idle  F_LMOD@
 0000:017B idle  F_LUDIV@
 0000:018B idle  F_LUMOD@
 0000:0174 idle  LDIV@
 0000:0183 idle  LMOD@
 0000:017B idle  LUDIV@
 0000:018B idle  LUMOD@
 0000:0171 idle  N_LDIV@
 0000:0180 idle  N_LMOD@
 0000:0178 idle  N_LUDIV@
 0000:0188 idle  N_LUMOD@
 0000:015A idle  N_LXMUL@
 0000:013E idle  N_SCOPY@
 0000:24D7 idle  _Ajuda
 0000:1BDF idle  _allNotesOff
 0000:4A18 idle  _args
 0000:50AE idle  _argtab
 0000:3B2C idle  _AvaliaJoyStick
 0000:30BE idle  _BaseColide
 0000:3713 idle  _BonusColide
 0000:54FD idle  _Bp
 0000:4A42 idle  _cart
 0000:1122 idle  _closetimer
 0000:394A idle  _Colides
 0000:4A35 idle  _Color
 0000:36DD idle  _ControlBonus
 0000:38A7 idle  _ControlPopUp
 0000:4A47 idle  _counter
 0000:2C4A idle  _CpyPFg
 0000:4A1A idle  _curdrv
 0000:0C63 idle  _dcircle
 0000:1008 idle  _DefaultScreen
 0000:1741 idle  _display_header
 0000:0B3B idle  _dline
 0000:2EC0 idle  _DotColide
 0000:4A34 idle  _DRAW
 0000:1F30 idle  _DrawNextPic
 0000:0F21 idle  _DrawPic
 0000:0F9F idle  _DrawPicB
 0000:0EB1 idle  _DrawPicF
 0000:1F93 idle  _drawpics
 0000:0A75 idle  _DrawPixel
 0000:09AB idle  _DrawRect
 0000:4A39 idle  _dscreen
 0000:49FC idle  _environ
 0000:4A08 idle  _errno
 0000:0290       _exit
 0000:0552       _farfree
 0000:0510       _farmalloc
 0000:4A36 idle  _FillColor
 0000:098F idle  _fillscreen
 0000:4A62 idle  _frames
 0000:2630 idle  _Fundo
 0000:54B5 idle  _Game
 0000:39F5 idle  _GameControl
 0000:336C idle  _GameInit
 0000:0299       _getch
 0000:088E idle  _getcpt
 0000:04A3       _gethseconds
 0000:0221 idle  _GetIntVect
 0000:0DF3 idle  _GetPic
 0000:1EEF idle  _getResource
 0000:11C1 idle  _get_micros
 0000:11FA idle  _get_ticks
 0000:5589 idle  _Ghost
 0000:2FD5 idle  _GhostColide
 0000:3987 idle  _GhostControl
 0000:3BE5 idle  _GhostSetDH
 0000:3CF5 idle  _GhostSetDV
 0000:5501 idle  _Gp
 0000:4A5A idle  _GXI
 0000:4A5C idle  _GYI
 0000:4A20 idle  _hextab
 0000:33C2 idle  _InitLevel
 0000:4406 idle  _inportb
 0000:10A2 idle  _irq0handler
 0000:4A4D idle  _isr
 0000:02D0       _kbhit
 0000:4A1C idle  _key_last
 0000:4A1E idle  _key_pending
 0000:3A12 idle  _Kill
 0000:45D2 idle  _LoadAll
 0000:4648 idle  _LoadAllNew
 0000:4A57 idle  _LoadError
 0000:1DB2 idle  _loadResourceFile
 0000:1839 idle  _load_midi
 0000:4A51 idle  _LPFg
 0000:2176       _main
 0000:2C91 idle  _mainx
 0000:0483 idle  _mcos_alloc
 0000:038D idle  _mcos_clearerr
 0000:03CC       _mcos_close
 0000:03D8 idle  _mcos_eof
 0000:0396 idle  _mcos_error
 0000:0432 idle  _mcos_fgetc
 0000:0416 idle  _mcos_fputc
 0000:03F1       _mcos_fsize
 0000:0457 idle  _mcos_getchar
 0000:046D       _mcos_getkey
 0000:02FB       _mcos_makeargs
 0000:03AC       _mcos_open
 0000:037D idle  _mcos_print
 0000:044B idle  _mcos_putchar
 0000:04D1       _mcos_read
 0000:26DA idle  _Menu
 0000:1588 idle  _midi_add_track
 0000:1CCD idle  _Midi_Done
 0000:1C33 idle  _Midi_GetSynth
 0000:1920 idle  _midi_get_player_status
 0000:1C1B idle  _Midi_Init
 0000:1670 idle  _midi_next_iterator
 0000:1CC3 idle  _Midi_Pause
 0000:1C3D idle  _Midi_Play
 0000:1253 idle  _midi_playtrack
 0000:12BD idle  _midi_playtracks
 0000:1938 idle  _midi_prepare
 0000:1A6A idle  _midi_processor
 0000:1CC8 idle  _Midi_Resume
 0000:1912 idle  _midi_set_player_status
 0000:12F3 idle  _midi_set_tempo
 0000:162D idle  _midi_start_iterator
 0000:1CAE idle  _Midi_Status
 0000:1C9F idle  _Midi_Stop
 0000:1322 idle  _midi_track_parse_next
 0000:1B05 idle  _mlongdiv
 0000:1AA3 idle  _mlongmul
 0000:087A idle  _modo13h
 0000:0884 idle  _modo3h
 0000:324C idle  _Move
 0000:3E05 idle  _MoveGhost
 0000:55C9 idle  _mp
 0000:113D idle  _mpu_send
 0000:115B idle  _mpu_uart
 0000:1CE1 idle  _mrandom
 0000:4A66 idle  _musica
 0000:4A55 idle  _MusicLen
 0000:549F idle  _MusSeg
 0000:441C idle  _newkeyb
 0000:342C idle  _NextLevel
 0000:3AC4 idle  _NextPlayer
 0000:4A5E idle  _NG
 0000:4A6A idle  _nivel
 0000:0589       _nosound
 0000:59A8 idle  _oldirq0handler
 0000:549B idle  _oldkeyb
 0000:54C0 idle  _Pac
 0000:39D3 idle  _PacControl
 0000:4ABE idle  _palette
 0000:178E idle  _parse_header
 0000:08B6 idle  _pchar
 0000:5519 idle  _PFp
 0000:5491 idle  _PF_dotsL
 0000:0D73 idle  _PicSize
 0000:4A68 idle  _pl
 0000:556D idle  _Player
 0000:4A4B idle  _player_status
 0000:2237 idle  _Play_game
 0000:352D idle  _PlReset
 0000:5493 idle  _PopUp
 0000:4A16 idle  _prgname
 0000:0690       _printf
 0000:5138 idle  _rmap
 0000:502E idle  _sargs
 0000:4A46 idle  _SBMIDI
 0000:4A3D idle  _screen
 0000:1065 idle  _ScrnCpyDU
 0000:1037 idle  _ScrnCpyUD
 0000:4A41 idle  _ScrnT
 0000:3F6B idle  _SDir
 0000:119A idle  _send_midi
 0000:3637 idle  _SetDir
 0000:025F idle  _SetIntVect
 0000:1093 idle  _SetOverScan
 0000:1D43 idle  _setpal
 0000:1D28 idle  _setpali
 0000:34F1 idle  _SetSnd
 0000:2BA0 idle  _SetSomOnOff
 0000:285A idle  _SetupMenu
 0000:10F1 idle  _setuptimer
 0000:36BB idle  _ShowBonus
 0000:3756 idle  _ShowPopUp
 0000:4058 idle  _ShowScore
 0000:2D15 idle  _Show_Ghost
 0000:2E1B idle  _Show_Pac
 0000:42C4 idle  _Show_PF
 0000:548A idle  _SM
 0000:5495 idle  _Snd
 0000:3495 idle  _SndC
 0000:2540 idle  _Sobre
 0000:4A64 idle  _som
 0000:0557       _sound
 0000:54AE idle  _StickA
 0000:54A7 idle  _StickB
 0000:4A60 idle  _stl
 0000:0766       _strcmp
 0000:07E0       _strcpy
 0000:074E idle  _strlen
 0000:07AF idle  _strncmp
 0000:07FF idle  _strncpy
 0000:0DD1 idle  _swap
 0000:316B idle  _TestDir
 0000:3AEF idle  _TestGO
 0000:4A38 idle  _TextBackGround
 0000:4A37 idle  _TextColor
 0000:55E6 idle  _total_tracks
 0000:55E8 idle  _tracks
 0000:493A idle  _UnloadAll
 0000:4294 idle  _UpDateScreen
 0000:1020 idle  _UserScreen
 0000:4A58 idle  _vcm
 0000:4ABA idle  _VDir
 0000:54A3 idle  _VirScr
 0000:43F4 idle  _Vsync
 0000:2BE6 idle  _WaitToStart
 0000:0595 idle  _writehex
 0000:060E idle  _writenum
 0000:3F94 idle  _writenumber
 0000:0968 idle  _writest
 0000:1190 idle  _xdelay
 0000:0E96 idle  _XPRes
 0000:0EA3 idle  _YPRes
 0000:4A0A idle  __8087
 0000:49F8       __argc
 0000:49FA       __argv
 0000:49FE idle  __envLng
 0000:4A00 idle  __envseg
 0000:4A02 idle  __envSize
 0000:0135 idle  __exit
 0000:0863 idle  __fmemcpy
 0000:084B idle  __fmemset
 0000:0825       __fstrncpy
 0000:4A06 idle  __osmajor
 0000:4A07 idle  __osminor
 0000:4A04 idle  __psp
 0000:4A0C idle  __StartTime
 0000:4A06 idle  __version
 0000:4A12 idle  ___brklvl
 0000:4A10 idle  ___heapbase
 0000:4A14 idle  ___heaptop

  Address         Publics by Value

 0000:0135 idle  __exit
 0000:013E idle  N_SCOPY@
 0000:015A idle  N_LXMUL@
 0000:0171 idle  N_LDIV@
 0000:0174 idle  LDIV@
 0000:0174 idle  F_LDIV@
 0000:0178 idle  N_LUDIV@
 0000:017B idle  F_LUDIV@
 0000:017B idle  LUDIV@
 0000:0180 idle  N_LMOD@
 0000:0183 idle  F_LMOD@
 0000:0183 idle  LMOD@
 0000:0188 idle  N_LUMOD@
 0000:018B idle  LUMOD@
 0000:018B idle  F_LUMOD@
 0000:021F       DGROUP@
 0000:0221 idle  _GetIntVect
 0000:025F idle  _SetIntVect
 0000:0290       _exit
 0000:0299       _getch
 0000:02D0       _kbhit
 0000:02FB       _mcos_makeargs
 0000:037D idle  _mcos_print
 0000:038D idle  _mcos_clearerr
 0000:0396 idle  _mcos_error
 0000:03AC       _mcos_open
 0000:03CC       _mcos_close
 0000:03D8 idle  _mcos_eof
 0000:03F1       _mcos_fsize
 0000:0416 idle  _mcos_fputc
 0000:0432 idle  _mcos_fgetc
 0000:044B idle  _mcos_putchar
 0000:0457 idle  _mcos_getchar
 0000:046D       _mcos_getkey
 0000:0483 idle  _mcos_alloc
 0000:04A3       _gethseconds
 0000:04D1       _mcos_read
 0000:0510       _farmalloc
 0000:0552       _farfree
 0000:0557       _sound
 0000:0589       _nosound
 0000:0595 idle  _writehex
 0000:060E idle  _writenum
 0000:0690       _printf
 0000:074E idle  _strlen
 0000:0766       _strcmp
 0000:07AF idle  _strncmp
 0000:07E0       _strcpy
 0000:07FF idle  _strncpy
 0000:0825       __fstrncpy
 0000:084B idle  __fmemset
 0000:0863 idle  __fmemcpy
 0000:087A idle  _modo13h
 0000:0884 idle  _modo3h
 0000:088E idle  _getcpt
 0000:08B6 idle  _pchar
 0000:0968 idle  _writest
 0000:098F idle  _fillscreen
 0000:09AB idle  _DrawRect
 0000:0A75 idle  _DrawPixel
 0000:0B3B idle  _dline
 0000:0C63 idle  _dcircle
 0000:0D73 idle  _PicSize
 0000:0DD1 idle  _swap
 0000:0DF3 idle  _GetPic
 0000:0E96 idle  _XPRes
 0000:0EA3 idle  _YPRes
 0000:0EB1 idle  _DrawPicF
 0000:0F21 idle  _DrawPic
 0000:0F9F idle  _DrawPicB
 0000:1008 idle  _DefaultScreen
 0000:1020 idle  _UserScreen
 0000:1037 idle  _ScrnCpyUD
 0000:1065 idle  _ScrnCpyDU
 0000:1093 idle  _SetOverScan
 0000:10A2 idle  _irq0handler
 0000:10F1 idle  _setuptimer
 0000:1122 idle  _closetimer
 0000:113D idle  _mpu_send
 0000:115B idle  _mpu_uart
 0000:1190 idle  _xdelay
 0000:119A idle  _send_midi
 0000:11C1 idle  _get_micros
 0000:11FA idle  _get_ticks
 0000:1253 idle  _midi_playtrack
 0000:12BD idle  _midi_playtracks
 0000:12F3 idle  _midi_set_tempo
 0000:1322 idle  _midi_track_parse_next
 0000:1588 idle  _midi_add_track
 0000:162D idle  _midi_start_iterator
 0000:1670 idle  _midi_next_iterator
 0000:1741 idle  _display_header
 0000:178E idle  _parse_header
 0000:1839 idle  _load_midi
 0000:1912 idle  _midi_set_player_status
 0000:1920 idle  _midi_get_player_status
 0000:1938 idle  _midi_prepare
 0000:1A6A idle  _midi_processor
 0000:1AA3 idle  _mlongmul
 0000:1B05 idle  _mlongdiv
 0000:1BDF idle  _allNotesOff
 0000:1C1B idle  _Midi_Init
 0000:1C33 idle  _Midi_GetSynth
 0000:1C3D idle  _Midi_Play
 0000:1C9F idle  _Midi_Stop
 0000:1CAE idle  _Midi_Status
 0000:1CC3 idle  _Midi_Pause
 0000:1CC8 idle  _Midi_Resume
 0000:1CCD idle  _Midi_Done
 0000:1CE1 idle  _mrandom
 0000:1D28 idle  _setpali
 0000:1D43 idle  _setpal
 0000:1DB2 idle  _loadResourceFile
 0000:1EEF idle  _getResource
 0000:1F30 idle  _DrawNextPic
 0000:1F93 idle  _drawpics
 0000:2176       _main
 0000:2237 idle  _Play_game
 0000:24D7 idle  _Ajuda
 0000:2540 idle  _Sobre
 0000:2630 idle  _Fundo
 0000:26DA idle  _Menu
 0000:285A idle  _SetupMenu
 0000:2BA0 idle  _SetSomOnOff
 0000:2BE6 idle  _WaitToStart
 0000:2C4A idle  _CpyPFg
 0000:2C91 idle  _mainx
 0000:2D15 idle  _Show_Ghost
 0000:2E1B idle  _Show_Pac
 0000:2EC0 idle  _DotColide
 0000:2FD5 idle  _GhostColide
 0000:30BE idle  _BaseColide
 0000:316B idle  _TestDir
 0000:324C idle  _Move
 0000:336C idle  _GameInit
 0000:33C2 idle  _InitLevel
 0000:342C idle  _NextLevel
 0000:3495 idle  _SndC
 0000:34F1 idle  _SetSnd
 0000:352D idle  _PlReset
 0000:3637 idle  _SetDir
 0000:36BB idle  _ShowBonus
 0000:36DD idle  _ControlBonus
 0000:3713 idle  _BonusColide
 0000:3756 idle  _ShowPopUp
 0000:38A7 idle  _ControlPopUp
 0000:394A idle  _Colides
 0000:3987 idle  _GhostControl
 0000:39D3 idle  _PacControl
 0000:39F5 idle  _GameControl
 0000:3A12 idle  _Kill
 0000:3AC4 idle  _NextPlayer
 0000:3AEF idle  _TestGO
 0000:3B2C idle  _AvaliaJoyStick
 0000:3BE5 idle  _GhostSetDH
 0000:3CF5 idle  _GhostSetDV
 0000:3E05 idle  _MoveGhost
 0000:3F6B idle  _SDir
 0000:3F94 idle  _writenumber
 0000:4058 idle  _ShowScore
 0000:4294 idle  _UpDateScreen
 0000:42C4 idle  _Show_PF
 0000:43F4 idle  _Vsync
 0000:4406 idle  _inportb
 0000:441C idle  _newkeyb
 0000:45D2 idle  _LoadAll
 0000:4648 idle  _LoadAllNew
 0000:493A idle  _UnloadAll
 0000:49F8       __argc
 0000:49FA       __argv
 0000:49FC idle  _environ
 0000:49FE idle  __envLng
 0000:4A00 idle  __envseg
 0000:4A02 idle  __envSize
 0000:4A04 idle  __psp
 0000:4A06 idle  __osmajor
 0000:4A06 idle  __version
 0000:4A07 idle  __osminor
 0000:4A08 idle  _errno
 0000:4A0A idle  __8087
 0000:4A0C idle  __StartTime
 0000:4A10 idle  ___heapbase
 0000:4A12 idle  ___brklvl
 0000:4A14 idle  ___heaptop
 0000:4A16 idle  _prgname
 0000:4A18 idle  _args
 0000:4A1A idle  _curdrv
 0000:4A1C idle  _key_last
 0000:4A1E idle  _key_pending
 0000:4A20 idle  _hextab
 0000:4A34 idle  _DRAW
 0000:4A35 idle  _Color
 0000:4A36 idle  _FillColor
 0000:4A37 idle  _TextColor
 0000:4A38 idle  _TextBackGround
 0000:4A39 idle  _dscreen
 0000:4A3D idle  _screen
 0000:4A41 idle  _ScrnT
 0000:4A42 idle  _cart
 0000:4A46 idle  _SBMIDI
 0000:4A47 idle  _counter
 0000:4A4B idle  _player_status
 0000:4A4D idle  _isr
 0000:4A51 idle  _LPFg
 0000:4A55 idle  _MusicLen
 0000:4A57 idle  _LoadError
 0000:4A58 idle  _vcm
 0000:4A5A idle  _GXI
 0000:4A5C idle  _GYI
 0000:4A5E idle  _NG
 0000:4A60 idle  _stl
 0000:4A62 idle  _frames
 0000:4A64 idle  _som
 0000:4A66 idle  _musica
 0000:4A68 idle  _pl
 0000:4A6A idle  _nivel
 0000:4ABA idle  _VDir
 0000:4ABE idle  _palette
 0000:502E idle  _sargs
 0000:50AE idle  _argtab
 0000:5138 idle  _rmap
 0000:548A idle  _SM
 0000:5491 idle  _PF_dotsL
 0000:5493 idle  _PopUp
 0000:5495 idle  _Snd
 0000:549B idle  _oldkeyb
 0000:549F idle  _MusSeg
 0000:54A3 idle  _VirScr
 0000:54A7 idle  _StickB
 0000:54AE idle  _StickA
 0000:54B5 idle  _Game
 0000:54C0 idle  _Pac
 0000:54FD idle  _Bp
 0000:5501 idle  _Gp
 0000:5519 idle  _PFp
 0000:556D idle  _Player
 0000:5589 idle  _Ghost
 0000:55C9 idle  _mp
 0000:55E6 idle  _total_tracks
 0000:55E8 idle  _tracks
 0000:59A8 idle  _oldirq0handler

Program entry point at 0000:0100
Warning: No stack

