
 Start  Stop   Length Name               Class

 00000H 04997H 04998H _TEXT              CODE
 049A0H 0500DH 0066EH _DATA              DATA
 0500EH 0598BH 0097EH _BSS               BSS
 0598CH 0598CH 00000H _BSSEND            STACK


Detailed map of segments

 0000:0000 0221 C=CODE   S=_TEXT          G=DGROUP  M=mcosc0.ASM ACBP=28
 0000:0221 060C C=CODE   S=_TEXT          G=DGROUP  M=mcosapi.c  ACBP=28
 0000:082D 416B C=CODE   S=_TEXT          G=DGROUP  M=paco.c     ACBP=28
 0000:49A0 0056 C=DATA   S=_DATA          G=DGROUP  M=mcosc0.ASM ACBP=68
 0000:49F6 001E C=DATA   S=_DATA          G=DGROUP  M=mcosapi.c  ACBP=48
 0000:4A14 05FA C=DATA   S=_DATA          G=DGROUP  M=paco.c     ACBP=48
 0000:500E 0000 C=BSS    S=_BSS           G=DGROUP  M=mcosc0.ASM ACBP=48
 0000:500E 0100 C=BSS    S=_BSS           G=DGROUP  M=mcosapi.c  ACBP=48
 0000:510E 087E C=BSS    S=_BSS           G=DGROUP  M=paco.c     ACBP=48
 0000:598C 0000 C=STACK  S=_BSSEND        G=DGROUP  M=mcosc0.ASM ACBP=28

  Address         Publics by Name

 0000:021F       DGROUP@
 0000:0174 idle  F_LDIV@
 0000:0183 idle  F_LMOD@
 0000:017B idle  F_LUDIV@
 0000:018B idle  F_LUMOD@
 0000:0174 idle  LDIV@
 0000:0183 idle  LMOD@
 0000:017B idle  LUDIV@
 0000:018B idle  LUMOD@
 0000:0171 idle  N_LDIV@
 0000:0180 idle  N_LMOD@
 0000:0178 idle  N_LUDIV@
 0000:0188 idle  N_LUMOD@
 0000:015A idle  N_LXMUL@
 0000:013E idle  N_SCOPY@
 0000:24B9 idle  _Ajuda
 0000:1BC1 idle  _allNotesOff
 0000:49F8 idle  _args
 0000:508E idle  _argtab
 0000:3B0E idle  _AvaliaJoyStick
 0000:30A0 idle  _BaseColide
 0000:36F5 idle  _BonusColide
 0000:54DD idle  _Bp
 0000:4A22 idle  _cart
 0000:1104 idle  _closetimer
 0000:392C idle  _Colides
 0000:4A15 idle  _Color
 0000:36BF idle  _ControlBonus
 0000:3889 idle  _ControlPopUp
 0000:4A27 idle  _counter
 0000:2C2C idle  _CpyPFg
 0000:49FA idle  _curdrv
 0000:0C45 idle  _dcircle
 0000:0FEA idle  _DefaultScreen
 0000:1723 idle  _display_header
 0000:0B1D idle  _dline
 0000:2EA2 idle  _DotColide
 0000:4A14 idle  _DRAW
 0000:1F12 idle  _DrawNextPic
 0000:0F03 idle  _DrawPic
 0000:0F81 idle  _DrawPicB
 0000:0E93 idle  _DrawPicF
 0000:1F75 idle  _drawpics
 0000:0A57 idle  _DrawPixel
 0000:098D idle  _DrawRect
 0000:4A19 idle  _dscreen
 0000:49DC idle  _environ
 0000:49E8 idle  _errno
 0000:0290       _exit
 0000:0534       _farfree
 0000:04F2       _farmalloc
 0000:4A16 idle  _FillColor
 0000:0971 idle  _fillscreen
 0000:4A42 idle  _frames
 0000:2612 idle  _Fundo
 0000:5495 idle  _Game
 0000:39D7 idle  _GameControl
 0000:334E idle  _GameInit
 0000:0299       _getch
 0000:0870 idle  _getcpt
 0000:04A3       _gethseconds
 0000:0221 idle  _GetIntVect
 0000:0DD5 idle  _GetPic
 0000:1ED1 idle  _getResource
 0000:11A3 idle  _get_micros
 0000:11DC idle  _get_ticks
 0000:5569 idle  _Ghost
 0000:2FB7 idle  _GhostColide
 0000:3969 idle  _GhostControl
 0000:3BC7 idle  _GhostSetDH
 0000:3CD7 idle  _GhostSetDV
 0000:54E1 idle  _Gp
 0000:4A3A idle  _GXI
 0000:4A3C idle  _GYI
 0000:4A00 idle  _hextab
 0000:33A4 idle  _InitLevel
 0000:43E8 idle  _inportb
 0000:1084 idle  _irq0handler
 0000:4A2D idle  _isr
 0000:02D0       _kbhit
 0000:49FC idle  _key_last
 0000:49FE idle  _key_pending
 0000:39F4 idle  _Kill
 0000:45B4 idle  _LoadAll
 0000:462A idle  _LoadAllNew
 0000:4A37 idle  _LoadError
 0000:1D94 idle  _loadResourceFile
 0000:181B idle  _load_midi
 0000:4A31 idle  _LPFg
 0000:2158       _main
 0000:2C73 idle  _mainx
 0000:0483 idle  _mcos_alloc
 0000:038D idle  _mcos_clearerr
 0000:03CC       _mcos_close
 0000:03D8 idle  _mcos_eof
 0000:0396 idle  _mcos_error
 0000:0432 idle  _mcos_fgetc
 0000:0416 idle  _mcos_fputc
 0000:03F1       _mcos_fsize
 0000:0457 idle  _mcos_getchar
 0000:046D       _mcos_getkey
 0000:02FB       _mcos_makeargs
 0000:03AC       _mcos_open
 0000:037D idle  _mcos_print
 0000:044B idle  _mcos_putchar
 0000:04D1       _mcos_read
 0000:26BC idle  _Menu
 0000:156A idle  _midi_add_track
 0000:1CAF idle  _Midi_Done
 0000:1C15 idle  _Midi_GetSynth
 0000:1902 idle  _midi_get_player_status
 0000:1BFD idle  _Midi_Init
 0000:1652 idle  _midi_next_iterator
 0000:1CA5 idle  _Midi_Pause
 0000:1C1F idle  _Midi_Play
 0000:1235 idle  _midi_playtrack
 0000:129F idle  _midi_playtracks
 0000:191A idle  _midi_prepare
 0000:1A4C idle  _midi_processor
 0000:1CAA idle  _Midi_Resume
 0000:18F4 idle  _midi_set_player_status
 0000:12D5 idle  _midi_set_tempo
 0000:160F idle  _midi_start_iterator
 0000:1C90 idle  _Midi_Status
 0000:1C81 idle  _Midi_Stop
 0000:1304 idle  _midi_track_parse_next
 0000:1AE7 idle  _mlongdiv
 0000:1A85 idle  _mlongmul
 0000:085C idle  _modo13h
 0000:0866 idle  _modo3h
 0000:322E idle  _Move
 0000:3DE7 idle  _MoveGhost
 0000:55A9 idle  _mp
 0000:111F idle  _mpu_send
 0000:113D idle  _mpu_uart
 0000:1CC3 idle  _mrandom
 0000:4A46 idle  _musica
 0000:4A35 idle  _MusicLen
 0000:547F idle  _MusSeg
 0000:43FE idle  _newkeyb
 0000:340E idle  _NextLevel
 0000:3AA6 idle  _NextPlayer
 0000:4A3E idle  _NG
 0000:4A4A idle  _nivel
 0000:056B       _nosound
 0000:5988 idle  _oldirq0handler
 0000:547B idle  _oldkeyb
 0000:54A0 idle  _Pac
 0000:39B5 idle  _PacControl
 0000:4A9E idle  _palette
 0000:1770 idle  _parse_header
 0000:0898 idle  _pchar
 0000:54F9 idle  _PFp
 0000:5471 idle  _PF_dotsL
 0000:0D55 idle  _PicSize
 0000:4A48 idle  _pl
 0000:554D idle  _Player
 0000:4A2B idle  _player_status
 0000:2219 idle  _Play_game
 0000:350F idle  _PlReset
 0000:5473 idle  _PopUp
 0000:49F6 idle  _prgname
 0000:0672       _printf
 0000:5118 idle  _rmap
 0000:500E idle  _sargs
 0000:4A26 idle  _SBMIDI
 0000:4A1D idle  _screen
 0000:1047 idle  _ScrnCpyDU
 0000:1019 idle  _ScrnCpyUD
 0000:4A21 idle  _ScrnT
 0000:3F4D idle  _SDir
 0000:117C idle  _send_midi
 0000:3619 idle  _SetDir
 0000:025F idle  _SetIntVect
 0000:1075 idle  _SetOverScan
 0000:1D25 idle  _setpal
 0000:1D0A idle  _setpali
 0000:34D3 idle  _SetSnd
 0000:2B82 idle  _SetSomOnOff
 0000:283C idle  _SetupMenu
 0000:10D3 idle  _setuptimer
 0000:369D idle  _ShowBonus
 0000:3738 idle  _ShowPopUp
 0000:403A idle  _ShowScore
 0000:2CF7 idle  _Show_Ghost
 0000:2DFD idle  _Show_Pac
 0000:42A6 idle  _Show_PF
 0000:546A idle  _SM
 0000:5475 idle  _Snd
 0000:3477 idle  _SndC
 0000:2522 idle  _Sobre
 0000:4A44 idle  _som
 0000:0539       _sound
 0000:548E idle  _StickA
 0000:5487 idle  _StickB
 0000:4A40 idle  _stl
 0000:0748       _strcmp
 0000:07C2       _strcpy
 0000:0730 idle  _strlen
 0000:0791 idle  _strncmp
 0000:07E1 idle  _strncpy
 0000:0DB3 idle  _swap
 0000:314D idle  _TestDir
 0000:3AD1 idle  _TestGO
 0000:4A18 idle  _TextBackGround
 0000:4A17 idle  _TextColor
 0000:55C6 idle  _total_tracks
 0000:55C8 idle  _tracks
 0000:491C idle  _UnloadAll
 0000:4276 idle  _UpDateScreen
 0000:1002 idle  _UserScreen
 0000:4A38 idle  _vcm
 0000:4A9A idle  _VDir
 0000:5483 idle  _VirScr
 0000:43D6 idle  _Vsync
 0000:2BC8 idle  _WaitToStart
 0000:0577 idle  _writehex
 0000:05F0 idle  _writenum
 0000:3F76 idle  _writenumber
 0000:094A idle  _writest
 0000:1172 idle  _xdelay
 0000:0E78 idle  _XPRes
 0000:0E85 idle  _YPRes
 0000:49EA idle  __8087
 0000:49D8       __argc
 0000:49DA       __argv
 0000:49DE idle  __envLng
 0000:49E0 idle  __envseg
 0000:49E2 idle  __envSize
 0000:0135 idle  __exit
 0000:0845 idle  __fmemcpy
 0000:082D idle  __fmemset
 0000:0807       __fstrncpy
 0000:49E6 idle  __osmajor
 0000:49E7 idle  __osminor
 0000:49E4 idle  __psp
 0000:49EC idle  __StartTime
 0000:49E6 idle  __version
 0000:49F2 idle  ___brklvl
 0000:49F0 idle  ___heapbase
 0000:49F4 idle  ___heaptop

  Address         Publics by Value

 0000:0135 idle  __exit
 0000:013E idle  N_SCOPY@
 0000:015A idle  N_LXMUL@
 0000:0171 idle  N_LDIV@
 0000:0174 idle  LDIV@
 0000:0174 idle  F_LDIV@
 0000:0178 idle  N_LUDIV@
 0000:017B idle  F_LUDIV@
 0000:017B idle  LUDIV@
 0000:0180 idle  N_LMOD@
 0000:0183 idle  F_LMOD@
 0000:0183 idle  LMOD@
 0000:0188 idle  N_LUMOD@
 0000:018B idle  LUMOD@
 0000:018B idle  F_LUMOD@
 0000:021F       DGROUP@
 0000:0221 idle  _GetIntVect
 0000:025F idle  _SetIntVect
 0000:0290       _exit
 0000:0299       _getch
 0000:02D0       _kbhit
 0000:02FB       _mcos_makeargs
 0000:037D idle  _mcos_print
 0000:038D idle  _mcos_clearerr
 0000:0396 idle  _mcos_error
 0000:03AC       _mcos_open
 0000:03CC       _mcos_close
 0000:03D8 idle  _mcos_eof
 0000:03F1       _mcos_fsize
 0000:0416 idle  _mcos_fputc
 0000:0432 idle  _mcos_fgetc
 0000:044B idle  _mcos_putchar
 0000:0457 idle  _mcos_getchar
 0000:046D       _mcos_getkey
 0000:0483 idle  _mcos_alloc
 0000:04A3       _gethseconds
 0000:04D1       _mcos_read
 0000:04F2       _farmalloc
 0000:0534       _farfree
 0000:0539       _sound
 0000:056B       _nosound
 0000:0577 idle  _writehex
 0000:05F0 idle  _writenum
 0000:0672       _printf
 0000:0730 idle  _strlen
 0000:0748       _strcmp
 0000:0791 idle  _strncmp
 0000:07C2       _strcpy
 0000:07E1 idle  _strncpy
 0000:0807       __fstrncpy
 0000:082D idle  __fmemset
 0000:0845 idle  __fmemcpy
 0000:085C idle  _modo13h
 0000:0866 idle  _modo3h
 0000:0870 idle  _getcpt
 0000:0898 idle  _pchar
 0000:094A idle  _writest
 0000:0971 idle  _fillscreen
 0000:098D idle  _DrawRect
 0000:0A57 idle  _DrawPixel
 0000:0B1D idle  _dline
 0000:0C45 idle  _dcircle
 0000:0D55 idle  _PicSize
 0000:0DB3 idle  _swap
 0000:0DD5 idle  _GetPic
 0000:0E78 idle  _XPRes
 0000:0E85 idle  _YPRes
 0000:0E93 idle  _DrawPicF
 0000:0F03 idle  _DrawPic
 0000:0F81 idle  _DrawPicB
 0000:0FEA idle  _DefaultScreen
 0000:1002 idle  _UserScreen
 0000:1019 idle  _ScrnCpyUD
 0000:1047 idle  _ScrnCpyDU
 0000:1075 idle  _SetOverScan
 0000:1084 idle  _irq0handler
 0000:10D3 idle  _setuptimer
 0000:1104 idle  _closetimer
 0000:111F idle  _mpu_send
 0000:113D idle  _mpu_uart
 0000:1172 idle  _xdelay
 0000:117C idle  _send_midi
 0000:11A3 idle  _get_micros
 0000:11DC idle  _get_ticks
 0000:1235 idle  _midi_playtrack
 0000:129F idle  _midi_playtracks
 0000:12D5 idle  _midi_set_tempo
 0000:1304 idle  _midi_track_parse_next
 0000:156A idle  _midi_add_track
 0000:160F idle  _midi_start_iterator
 0000:1652 idle  _midi_next_iterator
 0000:1723 idle  _display_header
 0000:1770 idle  _parse_header
 0000:181B idle  _load_midi
 0000:18F4 idle  _midi_set_player_status
 0000:1902 idle  _midi_get_player_status
 0000:191A idle  _midi_prepare
 0000:1A4C idle  _midi_processor
 0000:1A85 idle  _mlongmul
 0000:1AE7 idle  _mlongdiv
 0000:1BC1 idle  _allNotesOff
 0000:1BFD idle  _Midi_Init
 0000:1C15 idle  _Midi_GetSynth
 0000:1C1F idle  _Midi_Play
 0000:1C81 idle  _Midi_Stop
 0000:1C90 idle  _Midi_Status
 0000:1CA5 idle  _Midi_Pause
 0000:1CAA idle  _Midi_Resume
 0000:1CAF idle  _Midi_Done
 0000:1CC3 idle  _mrandom
 0000:1D0A idle  _setpali
 0000:1D25 idle  _setpal
 0000:1D94 idle  _loadResourceFile
 0000:1ED1 idle  _getResource
 0000:1F12 idle  _DrawNextPic
 0000:1F75 idle  _drawpics
 0000:2158       _main
 0000:2219 idle  _Play_game
 0000:24B9 idle  _Ajuda
 0000:2522 idle  _Sobre
 0000:2612 idle  _Fundo
 0000:26BC idle  _Menu
 0000:283C idle  _SetupMenu
 0000:2B82 idle  _SetSomOnOff
 0000:2BC8 idle  _WaitToStart
 0000:2C2C idle  _CpyPFg
 0000:2C73 idle  _mainx
 0000:2CF7 idle  _Show_Ghost
 0000:2DFD idle  _Show_Pac
 0000:2EA2 idle  _DotColide
 0000:2FB7 idle  _GhostColide
 0000:30A0 idle  _BaseColide
 0000:314D idle  _TestDir
 0000:322E idle  _Move
 0000:334E idle  _GameInit
 0000:33A4 idle  _InitLevel
 0000:340E idle  _NextLevel
 0000:3477 idle  _SndC
 0000:34D3 idle  _SetSnd
 0000:350F idle  _PlReset
 0000:3619 idle  _SetDir
 0000:369D idle  _ShowBonus
 0000:36BF idle  _ControlBonus
 0000:36F5 idle  _BonusColide
 0000:3738 idle  _ShowPopUp
 0000:3889 idle  _ControlPopUp
 0000:392C idle  _Colides
 0000:3969 idle  _GhostControl
 0000:39B5 idle  _PacControl
 0000:39D7 idle  _GameControl
 0000:39F4 idle  _Kill
 0000:3AA6 idle  _NextPlayer
 0000:3AD1 idle  _TestGO
 0000:3B0E idle  _AvaliaJoyStick
 0000:3BC7 idle  _GhostSetDH
 0000:3CD7 idle  _GhostSetDV
 0000:3DE7 idle  _MoveGhost
 0000:3F4D idle  _SDir
 0000:3F76 idle  _writenumber
 0000:403A idle  _ShowScore
 0000:4276 idle  _UpDateScreen
 0000:42A6 idle  _Show_PF
 0000:43D6 idle  _Vsync
 0000:43E8 idle  _inportb
 0000:43FE idle  _newkeyb
 0000:45B4 idle  _LoadAll
 0000:462A idle  _LoadAllNew
 0000:491C idle  _UnloadAll
 0000:49D8       __argc
 0000:49DA       __argv
 0000:49DC idle  _environ
 0000:49DE idle  __envLng
 0000:49E0 idle  __envseg
 0000:49E2 idle  __envSize
 0000:49E4 idle  __psp
 0000:49E6 idle  __osmajor
 0000:49E6 idle  __version
 0000:49E7 idle  __osminor
 0000:49E8 idle  _errno
 0000:49EA idle  __8087
 0000:49EC idle  __StartTime
 0000:49F0 idle  ___heapbase
 0000:49F2 idle  ___brklvl
 0000:49F4 idle  ___heaptop
 0000:49F6 idle  _prgname
 0000:49F8 idle  _args
 0000:49FA idle  _curdrv
 0000:49FC idle  _key_last
 0000:49FE idle  _key_pending
 0000:4A00 idle  _hextab
 0000:4A14 idle  _DRAW
 0000:4A15 idle  _Color
 0000:4A16 idle  _FillColor
 0000:4A17 idle  _TextColor
 0000:4A18 idle  _TextBackGround
 0000:4A19 idle  _dscreen
 0000:4A1D idle  _screen
 0000:4A21 idle  _ScrnT
 0000:4A22 idle  _cart
 0000:4A26 idle  _SBMIDI
 0000:4A27 idle  _counter
 0000:4A2B idle  _player_status
 0000:4A2D idle  _isr
 0000:4A31 idle  _LPFg
 0000:4A35 idle  _MusicLen
 0000:4A37 idle  _LoadError
 0000:4A38 idle  _vcm
 0000:4A3A idle  _GXI
 0000:4A3C idle  _GYI
 0000:4A3E idle  _NG
 0000:4A40 idle  _stl
 0000:4A42 idle  _frames
 0000:4A44 idle  _som
 0000:4A46 idle  _musica
 0000:4A48 idle  _pl
 0000:4A4A idle  _nivel
 0000:4A9A idle  _VDir
 0000:4A9E idle  _palette
 0000:500E idle  _sargs
 0000:508E idle  _argtab
 0000:5118 idle  _rmap
 0000:546A idle  _SM
 0000:5471 idle  _PF_dotsL
 0000:5473 idle  _PopUp
 0000:5475 idle  _Snd
 0000:547B idle  _oldkeyb
 0000:547F idle  _MusSeg
 0000:5483 idle  _VirScr
 0000:5487 idle  _StickB
 0000:548E idle  _StickA
 0000:5495 idle  _Game
 0000:54A0 idle  _Pac
 0000:54DD idle  _Bp
 0000:54E1 idle  _Gp
 0000:54F9 idle  _PFp
 0000:554D idle  _Player
 0000:5569 idle  _Ghost
 0000:55A9 idle  _mp
 0000:55C6 idle  _total_tracks
 0000:55C8 idle  _tracks
 0000:5988 idle  _oldirq0handler

Program entry point at 0000:0100
Warning: No stack

